../Core/Src/stm32l0xx_it.c:74:6:NMI_Handler	0	static
../Core/Src/stm32l0xx_it.c:89:6:HardFault_Handler	0	static
../Core/Src/stm32l0xx_it.c:104:6:SVC_Handler	0	static
../Core/Src/stm32l0xx_it.c:117:6:PendSV_Handler	0	static
../Core/Src/stm32l0xx_it.c:130:6:SysTick_Handler	8	static
../Core/Src/stm32l0xx_it.c:151:6:DMA1_Channel2_3_IRQHandler	8	static
../Core/Src/stm32l0xx_it.c:166:6:DMA1_Channel4_5_6_7_IRQHandler	8	static
../Core/Src/stm32l0xx_it.c:181:6:USART2_IRQHandler	8	static
../Core/Src/stm32l0xx_it.c:195:6:LPUART1_IRQHandler	8	static
