../Core/Src/rylr998.c:24:19:rylr998_sendData	56	static
../Core/Src/rylr998.c:63:19:rylr998_networkId	56	static
../Core/Src/rylr998.c:90:19:rylr998_setAddress	56	static
../Core/Src/rylr998.c:117:19:rylr998_setParameter	80	static
../Core/Src/rylr998.c:156:19:rylr998_reset	48	static
../Core/Src/rylr998.c:184:19:rylr998_mode	80	static
../Core/Src/rylr998.c:227:19:rylr998_setBaudRate	48	static
../Core/Src/rylr998.c:255:19:rylr998_setBand	64	static
../Core/Src/rylr998.c:291:19:rylr998_setCPIN	56	static
../Core/Src/rylr998.c:322:19:rylr998_setCRFOP	48	static
../Core/Src/rylr998.c:350:19:rylr998_FACTORY	48	static
../Core/Src/rylr998.c:377:6:rylr998_SetInterruptFlag	8	static
../Core/Src/rylr998.c:388:9:rylr998_GetInterruptFlag	8	static
../Core/Src/rylr998.c:397:6:rylr998_ClearInterruptFlag	8	static
../Core/Src/rylr998.c:414:19:rylr998_ResponseFind	32	static
../Core/Src/rylr998.c:452:19:rylr998_prase_reciver	32	static
