../Core/Src/rylr998.c:24:19:rylr998_sendData	56	static
../Core/Src/rylr998.c:63:19:rylr998_networkId	32	static
../Core/Src/rylr998.c:100:19:rylr998_setAddress	32	static
../Core/Src/rylr998.c:134:19:rylr998_setParameter	56	static
../Core/Src/rylr998.c:176:19:rylr998_reset	48	static
../Core/Src/rylr998.c:211:19:rylr998_mode	48	static
../Core/Src/rylr998.c:255:19:rylr998_setBaudRate	32	static
../Core/Src/rylr998.c:291:19:rylr998_setBand	32	static
../Core/Src/rylr998.c:329:19:rylr998_setCPIN	32	static
../Core/Src/rylr998.c:365:19:rylr998_setCRFOP	32	static
../Core/Src/rylr998.c:400:19:rylr998_FACTORY	32	static
../Core/Src/rylr998.c:429:9:rylr998_ReadInterruptFlag	8	static
../Core/Src/rylr998.c:433:6:rylr998_SetInterruptFlag	16	static
../Core/Src/rylr998.c:437:6:rylr998_ClearInterruptFlag	8	static
../Core/Src/rylr998.c:442:19:rylr998_prase_reciver	16	static
