../Core/Src/rylr998.c:16:19:rylr998_config	40	static
../Core/Src/rylr998.c:121:19:rylr998_sendData	56	static
../Core/Src/rylr998.c:160:19:rylr998_networkId	56	static
../Core/Src/rylr998.c:187:19:rylr998_setAddress	56	static
../Core/Src/rylr998.c:214:19:rylr998_setParameter	80	static
../Core/Src/rylr998.c:253:19:rylr998_reset	48	static
../Core/Src/rylr998.c:281:19:rylr998_mode	80	static
../Core/Src/rylr998.c:324:19:rylr998_setBaudRate	48	static
../Core/Src/rylr998.c:352:19:rylr998_setBand	64	static
../Core/Src/rylr998.c:388:19:rylr998_setCPIN	56	static
../Core/Src/rylr998.c:419:19:rylr998_setCRFOP	48	static
../Core/Src/rylr998.c:447:19:rylr998_FACTORY	48	static
../Core/Src/rylr998.c:474:6:rylr998_SetInterruptFlag	8	static
../Core/Src/rylr998.c:485:9:rylr998_GetInterruptFlag	8	static
../Core/Src/rylr998.c:494:6:rylr998_ClearInterruptFlag	8	static
../Core/Src/rylr998.c:511:19:rylr998_ResponseFind	32	static
../Core/Src/rylr998.c:549:19:rylr998_prase_reciver	32	static
