../Core/Src/rylr998.c:102:5:count_digits	16	static
../Core/Src/rylr998.c:140:6:rylr998_sendCommand	8	static
../Core/Src/rylr998.c:162:6:rylr998_setAddress	16	static
../Core/Src/rylr998.c:168:6:rylr998_networkId	16	static
../Core/Src/rylr998.c:174:6:rylr998_setParameter	48	static
../Core/Src/rylr998.c:186:6:rylr998_mode	32	static
../Core/Src/rylr998.c:200:6:rylr998_setBand	16	static
../Core/Src/rylr998.c:207:6:rylr998_setCPIN	16	static
../Core/Src/rylr998.c:213:6:rylr998_setCRFOP	16	static
../Core/Src/rylr998.c:239:6:rylr998_SetInterruptFlag	0	static
../Core/Src/rylr998.c:244:9:rylr998_GetInterruptFlag	0	static
../Core/Src/rylr998.c:267:19:rylr998_ResponseFind	32	static
../Core/Src/rylr998.c:277:19:rylr998_prase_reciver	40	static
../Core/Src/rylr998.c:144:6:rylr998_getCommand	16	static
../Core/Src/rylr998.c:60:6:rylr998_config	16	static
../Core/Src/rylr998.c:19:6:rylr998_setChannel	48	static
../Core/Src/rylr998.c:116:6:LSU_sendParameters	72	static
../Core/Src/rylr998.c:125:6:LSU_syncRequest	16	static
