../Core/Src/rylr998.c:16:19:rylr998_config	40	static
../Core/Src/rylr998.c:132:19:rylr998_sendData	56	static
../Core/Src/rylr998.c:171:19:rylr998_networkId	56	static
../Core/Src/rylr998.c:198:19:rylr998_setAddress	56	static
../Core/Src/rylr998.c:225:19:rylr998_setParameter	80	static
../Core/Src/rylr998.c:264:19:rylr998_reset	48	static
../Core/Src/rylr998.c:292:19:rylr998_mode	80	static
../Core/Src/rylr998.c:335:19:rylr998_setBaudRate	48	static
../Core/Src/rylr998.c:363:19:rylr998_setBand	64	static
../Core/Src/rylr998.c:399:19:rylr998_setCPIN	56	static
../Core/Src/rylr998.c:430:19:rylr998_setCRFOP	48	static
../Core/Src/rylr998.c:458:19:rylr998_FACTORY	48	static
../Core/Src/rylr998.c:485:6:rylr998_SetInterruptFlag	8	static
../Core/Src/rylr998.c:496:9:rylr998_GetInterruptFlag	8	static
../Core/Src/rylr998.c:505:6:rylr998_ClearInterruptFlag	8	static
../Core/Src/rylr998.c:522:19:rylr998_ResponseFind	32	static
../Core/Src/rylr998.c:560:19:rylr998_prase_reciver	32	static
