../Core/Src/rylr998.c:24:19:rylr998_sendData	56	static
../Core/Src/rylr998.c:63:19:rylr998_networkId	56	static
../Core/Src/rylr998.c:90:19:rylr998_setAddress	56	static
../Core/Src/rylr998.c:117:19:rylr998_setParameter	80	static
../Core/Src/rylr998.c:156:19:rylr998_reset	48	static
../Core/Src/rylr998.c:184:19:rylr998_mode	80	static
../Core/Src/rylr998.c:220:19:rylr998_setBaudRate	48	static
../Core/Src/rylr998.c:248:19:rylr998_setBand	64	static
../Core/Src/rylr998.c:284:19:rylr998_setCPIN	56	static
../Core/Src/rylr998.c:310:19:rylr998_setCRFOP	32	static
../Core/Src/rylr998.c:345:19:rylr998_FACTORY	32	static
../Core/Src/rylr998.c:377:6:rylr998_SetInterruptFlag	8	static
../Core/Src/rylr998.c:388:9:rylr998_GetInterruptFlag	8	static
../Core/Src/rylr998.c:397:6:rylr998_ClearInterruptFlag	8	static
../Core/Src/rylr998.c:414:19:rylr998_ResponseFind	32	static
../Core/Src/rylr998.c:452:6:rylr998_prase_reciver	32	static
