../Core/Src/rylr998.c:84:19:rylr998_sendData	48	static
../Core/Src/rylr998.c:119:6:rylr998_sendCommand	8	static
../Core/Src/rylr998.c:133:6:rylr998_setAddress	16	static
../Core/Src/rylr998.c:139:6:rylr998_networkId	16	static
../Core/Src/rylr998.c:145:6:rylr998_setParameter	48	static
../Core/Src/rylr998.c:157:6:rylr998_mode	32	static
../Core/Src/rylr998.c:171:6:rylr998_setBand	16	static
../Core/Src/rylr998.c:178:6:rylr998_setCPIN	16	static
../Core/Src/rylr998.c:184:6:rylr998_setCRFOP	16	static
../Core/Src/rylr998.c:190:6:rylr998_FACTORY	8	static
../Core/Src/rylr998.c:205:6:rylr998_SetInterruptFlag	0	static
../Core/Src/rylr998.c:216:9:rylr998_GetInterruptFlag	0	static
../Core/Src/rylr998.c:225:6:rylr998_ClearInterruptFlag	0	static
../Core/Src/rylr998.c:237:19:rylr998_ResponseFind	8	static
../Core/Src/rylr998.c:271:19:rylr998_prase_reciver	48	static
../Core/Src/rylr998.c:123:6:rylr998_getCommand	16	static
../Core/Src/rylr998.c:52:6:rylr998_config	16	static
../Core/Src/rylr998.c:13:6:rylr998_setChannel	48	static
