../Core/Src/rylr998.c:23:19:rylr998_config	40	static
../Core/Src/rylr998.c:128:19:rylr998_sendData	56	static
../Core/Src/rylr998.c:167:19:rylr998_networkId	56	static
../Core/Src/rylr998.c:194:19:rylr998_setAddress	56	static
../Core/Src/rylr998.c:221:19:rylr998_setParameter	80	static
../Core/Src/rylr998.c:260:19:rylr998_reset	48	static
../Core/Src/rylr998.c:288:19:rylr998_mode	80	static
../Core/Src/rylr998.c:331:19:rylr998_setBaudRate	48	static
../Core/Src/rylr998.c:359:19:rylr998_setBand	64	static
../Core/Src/rylr998.c:395:19:rylr998_setCPIN	56	static
../Core/Src/rylr998.c:426:19:rylr998_setCRFOP	48	static
../Core/Src/rylr998.c:454:19:rylr998_FACTORY	48	static
../Core/Src/rylr998.c:481:6:rylr998_SetInterruptFlag	8	static
../Core/Src/rylr998.c:492:9:rylr998_GetInterruptFlag	8	static
../Core/Src/rylr998.c:501:6:rylr998_ClearInterruptFlag	8	static
../Core/Src/rylr998.c:518:19:rylr998_ResponseFind	32	static
../Core/Src/rylr998.c:556:19:rylr998_prase_reciver	32	static
